--------------------------------------------------------------------------------
Release 5.1i - Trace F.23
Copyright (c) 1995-2002 Xilinx, Inc.  All rights reserved.

C:/Xilinx/bin/nt/trce.exe -quiet -e 3 -l 3 -xml cpu_8 cpu_8.ncd -o cpu_8.twr
cpu_8.pcf

Design file:              cpu_8.ncd
Physical constraint file: cpu_8.pcf
Device,speed:             xc2s150,-6 (PRELIMINARY 1.25 2002-06-19)
Report level:             error report

Environment Variable      Effect 
--------------------      ------ 
NONE                      No environment variables were set
--------------------------------------------------------------------------------

INFO:Timing:2698 - No timing constraints found, doing default enumeration.


Data Sheet report:
-----------------
All values displayed in nanoseconds (ns)

Setup/Hold to clock clk
---------------+------------+------------+
               |  Setup to  |  Hold to   |
Source Pad     | clk (edge) | clk (edge) |
---------------+------------+------------+
co<0>          |   -3.943(R)|    5.448(R)|
co<10>         |   -4.353(R)|    5.858(R)|
co<11>         |   -4.898(R)|    6.403(R)|
co<12>         |   -4.898(R)|    6.403(R)|
co<13>         |   -4.828(R)|    6.333(R)|
co<14>         |   -4.791(R)|    6.296(R)|
co<15>         |   -4.897(R)|    6.402(R)|
co<16>         |   -4.897(R)|    6.402(R)|
co<17>         |   -3.964(R)|    5.469(R)|
co<18>         |   -3.964(R)|    5.469(R)|
co<19>         |   -4.800(R)|    6.305(R)|
co<1>          |   -3.896(R)|    5.401(R)|
co<20>         |   -4.959(R)|    6.464(R)|
co<21>         |   -4.959(R)|    6.464(R)|
co<22>         |   -4.919(R)|    6.424(R)|
co<23>         |   -3.542(R)|    5.047(R)|
co<24>         |   -3.943(R)|    5.448(R)|
co<25>         |   -3.943(R)|    5.448(R)|
co<26>         |   -3.849(R)|    5.354(R)|
co<27>         |   -4.218(R)|    5.723(R)|
co<28>         |   -4.218(R)|    5.723(R)|
co<29>         |   -4.218(R)|    5.723(R)|
co<2>          |   -3.896(R)|    5.401(R)|
co<3>          |   -3.943(R)|    5.448(R)|
co<4>          |   -3.943(R)|    5.448(R)|
co<5>          |   -3.943(R)|    5.448(R)|
co<6>          |   -3.834(R)|    5.339(R)|
co<7>          |   -3.881(R)|    5.386(R)|
co<8>          |   -3.881(R)|    5.386(R)|
co<9>          |   -2.028(R)|    6.251(R)|
---------------+------------+------------+

Clock clk to Pad
---------------+------------+
               | clk (edge) |
Destination Pad|   to PAD   |
---------------+------------+
ci<0>          |   16.186(R)|
ci<10>         |   20.214(R)|
ci<11>         |   21.066(R)|
ci<12>         |   19.278(R)|
ci<13>         |   18.952(R)|
ci<14>         |   19.103(R)|
ci<15>         |   17.201(R)|
ci<1>          |   16.535(R)|
ci<2>          |   15.938(R)|
ci<3>          |   15.576(R)|
ci<4>          |   16.148(R)|
ci<5>          |   16.492(R)|
ci<6>          |   16.586(R)|
ci<7>          |   16.595(R)|
ci<8>          |   17.022(R)|
ci<9>          |   17.253(R)|
db<0>          |   24.764(R)|
db<1>          |   24.871(R)|
db<2>          |   25.503(R)|
db<3>          |   25.052(R)|
db<4>          |   25.096(R)|
db<5>          |   25.534(R)|
db<6>          |   25.173(R)|
db<7>          |   25.670(R)|
ior            |   18.113(X)|
iow            |   19.988(X)|
mclk           |   14.649(F)|
mrd            |   19.716(X)|
mwr            |   18.687(X)|
---------------+------------+

Clock to Setup on destination clock clk
---------------+---------+---------+---------+---------+
               | Src:Rise| Src:Fall| Src:Rise| Src:Fall|
Source Clock   |Dest:Rise|Dest:Rise|Dest:Fall|Dest:Fall|
---------------+---------+---------+---------+---------+
clk            |    6.142|         |         |    5.193|
---------------+---------+---------+---------+---------+

Pad to Pad
---------------+---------------+---------+
Source Pad     |Destination Pad|  Delay  |
---------------+---------------+---------+
co<0>          |ci<10>         |   11.591|
co<3>          |ci<10>         |   12.020|
krix           |ci<10>         |   13.660|
krix           |ci<11>         |   13.442|
mux<0>         |ci<10>         |   15.009|
mux<0>         |ci<11>         |   14.220|
mux<0>         |ci<12>         |   16.984|
mux<0>         |ci<13>         |   16.745|
mux<0>         |ci<14>         |   17.027|
mux<0>         |ci<15>         |   16.841|
mux<0>         |ci<16>         |   13.594|
mux<0>         |ci<17>         |   15.605|
mux<0>         |ci<18>         |   15.046|
mux<0>         |ci<19>         |   14.874|
mux<0>         |ci<20>         |   14.734|
mux<0>         |ci<21>         |   14.085|
mux<0>         |ci<22>         |   14.512|
mux<0>         |ci<23>         |   14.433|
mux<0>         |ci<24>         |   13.776|
mux<0>         |ci<25>         |   14.025|
mux<0>         |ci<26>         |   15.577|
mux<0>         |ci<27>         |   14.811|
mux<0>         |ci<28>         |   15.579|
mux<0>         |ci<29>         |   15.373|
mux<0>         |ci<30>         |   14.645|
mux<0>         |ci<31>         |   15.128|
mux<1>         |ci<10>         |   14.460|
mux<1>         |ci<11>         |   14.174|
mux<1>         |ci<12>         |   16.656|
mux<1>         |ci<13>         |   16.543|
mux<1>         |ci<14>         |   17.855|
mux<1>         |ci<15>         |   16.767|
mux<1>         |ci<16>         |   13.192|
mux<1>         |ci<17>         |   15.605|
mux<1>         |ci<18>         |   14.780|
mux<1>         |ci<19>         |   14.598|
mux<1>         |ci<20>         |   14.400|
mux<1>         |ci<21>         |   13.886|
mux<1>         |ci<22>         |   14.289|
mux<1>         |ci<23>         |   13.827|
mux<1>         |ci<24>         |   13.223|
mux<1>         |ci<25>         |   13.651|
mux<1>         |ci<26>         |   15.145|
mux<1>         |ci<27>         |   14.916|
mux<1>         |ci<28>         |   14.405|
mux<1>         |ci<29>         |   14.961|
mux<1>         |ci<30>         |   14.038|
mux<1>         |ci<31>         |   14.491|
mux<2>         |ci<10>         |   15.252|
mux<2>         |ci<11>         |   14.452|
mux<2>         |ci<12>         |   14.702|
mux<2>         |ci<13>         |   14.124|
mux<2>         |ci<14>         |   14.682|
mux<2>         |ci<15>         |   14.004|
mux<2>         |ci<16>         |   14.649|
mux<2>         |ci<17>         |   15.234|
mux<2>         |ci<18>         |   14.573|
mux<2>         |ci<19>         |   14.585|
mux<2>         |ci<20>         |   13.403|
mux<2>         |ci<21>         |   12.759|
mux<2>         |ci<22>         |   13.757|
mux<2>         |ci<23>         |   13.356|
mux<2>         |ci<24>         |   13.350|
mux<2>         |ci<25>         |   13.743|
mux<2>         |ci<26>         |   14.413|
mux<2>         |ci<27>         |   14.535|
mux<2>         |ci<28>         |   13.903|
mux<2>         |ci<29>         |   14.248|
mux<2>         |ci<30>         |   13.037|
mux<2>         |ci<31>         |   13.886|
prix           |ci<10>         |   13.312|
prix           |ci<11>         |   12.934|
---------------+---------------+---------+

Analysis completed Fri Jul 09 12:53:47 2010
--------------------------------------------------------------------------------

